LCD.c:12:6:init_LCD	16	static
LCD.c:71:6:lcd_send_cmd	32	static
LCD.c:84:6:lcd_send_data	32	static
LCD.c:97:6:lcd_send_string	16	static
LCD.c:102:6:LCD_CLEAR	16	static
LCD.c:110:6:Ecran_de_base	8	static
LCD.c:122:6:Affiche_temp	8	static
LCD.c:141:6:Affiche_hygro	8	static
LCD.c:162:6:Affiche_press	8	static
LCD.c:180:6:Affiche_vitesse_vent	8	static
LCD.c:192:6:Affiche_direction_vent	8	static
LCD.c:203:6:Date_heure	8	static
LCD.c:249:6:Ecran_de_localisation	8	static
LCD.c:352:6:Ecran_Histo_temp	8	static
LCD.c:377:6:Ecran_Histo_hygro	8	static
LCD.c:401:6:Ecran_Histo_press	8	static
LCD.c:424:6:Erreur_Date_heure	8	static
LCD.c:430:6:Erreur_temp	8	static
LCD.c:437:6:Erreur_hygro	8	static
LCD.c:443:6:Erreur_press	8	static
LCD.c:449:6:Erreur_vent	8	static
