nrf24l01.c:213:6:TM_NRF24L01_InitPins	8	static
nrf24l01.c:222:6:NRF24L01_FlushTX	24	static
nrf24l01.c:233:6:NRF24L01_FlushRX	24	static
nrf24l01.c:243:6:TM_NRF24L01_WriteRegister	24	static
nrf24l01.c:254:6:TM_NRF24L01_WriteRegisterMulti	32	static
nrf24l01.c:265:9:TM_NRF24L01_ReadRegister	32	static
nrf24l01.c:281:6:TM_NRF24L01_ReadRegisterMulti	40	static
nrf24l01.c:295:6:TM_NRF24L01_WriteBit	24	static
nrf24l01.c:313:9:TM_NRF24L01_ReadBit	24	static
nrf24l01.c:325:9:TM_NRF24L01_Init	16	static
nrf24l01.c:387:6:TM_NRF24L01_SetMyAddress	16	static
nrf24l01.c:394:6:TM_NRF24L01_SetTxAddress	16	static
nrf24l01.c:400:6:TM_NRF24L01_PowerUpTx	16	static
nrf24l01.c:406:6:TM_NRF24L01_PowerUpRx	16	static
nrf24l01.c:420:6:TM_NRF24L01_PowerDown	16	static
nrf24l01.c:426:6:TM_NRF24L01_Transmit	24	static
nrf24l01.c:453:6:TM_NRF24L01_GetData	32	static
nrf24l01.c:474:9:TM_NRF24L01_DataReady	24	static
nrf24l01.c:485:9:TM_NRF24L01_RxFifoEmpty	24	static
nrf24l01.c:491:9:TM_NRF24L01_GetStatus	32	static
nrf24l01.c:506:31:TM_NRF24L01_GetTransmissionStatus	24	static
nrf24l01.c:521:6:TM_NRF24L01_SoftwareReset	24	static
nrf24l01.c:576:9:TM_NRF24L01_GetRetransmissionsCount	16	static
nrf24l01.c:582:6:TM_NRF24L01_SetChannel	16	static
nrf24l01.c:593:6:TM_NRF24L01_SetRF	24	static
nrf24l01.c:617:9:TM_NRF24L01_Read_Interrupts	16	static
nrf24l01.c:623:6:TM_NRF24L01_Clear_Interrupts	16	static
nrf24l01.c:629:6:TM_NRF24L01_setCrcWidth	24	static
nrf24l01.c:659:6:TM_NRF24L01_disableAutoAcknowledge	16	static
nrf24l01.c:666:6:initRadioLink	24	static
