Archive member included to satisfy reference by file (symbol)

d:/stm32cubeide_1.0.2/stm32cubeide/plugins/com.st.stm32cube.ide.mcu.externaltools.gnu-tools-for-stm32.7-2018-q2-update.win32_1.0.0.201904181610/tools/bin/../lib/gcc/arm-none-eabi/7.3.1/../../../../arm-none-eabi/lib/thumb/v7e-m/fpv4-sp/hard\libc_nano.a(lib_a-errno.o)
                              Src/syscalls.o (__errno)
d:/stm32cubeide_1.0.2/stm32cubeide/plugins/com.st.stm32cube.ide.mcu.externaltools.gnu-tools-for-stm32.7-2018-q2-update.win32_1.0.0.201904181610/tools/bin/../lib/gcc/arm-none-eabi/7.3.1/../../../../arm-none-eabi/lib/thumb/v7e-m/fpv4-sp/hard\libc_nano.a(lib_a-exit.o)
                              d:/stm32cubeide_1.0.2/stm32cubeide/plugins/com.st.stm32cube.ide.mcu.externaltools.gnu-tools-for-stm32.7-2018-q2-update.win32_1.0.0.201904181610/tools/bin/../lib/gcc/arm-none-eabi/7.3.1/../../../../arm-none-eabi/lib/thumb/v7e-m/fpv4-sp/hard/crt0.o (exit)
d:/stm32cubeide_1.0.2/stm32cubeide/plugins/com.st.stm32cube.ide.mcu.externaltools.gnu-tools-for-stm32.7-2018-q2-update.win32_1.0.0.201904181610/tools/bin/../lib/gcc/arm-none-eabi/7.3.1/../../../../arm-none-eabi/lib/thumb/v7e-m/fpv4-sp/hard\libc_nano.a(lib_a-impure.o)
                              d:/stm32cubeide_1.0.2/stm32cubeide/plugins/com.st.stm32cube.ide.mcu.externaltools.gnu-tools-for-stm32.7-2018-q2-update.win32_1.0.0.201904181610/tools/bin/../lib/gcc/arm-none-eabi/7.3.1/../../../../arm-none-eabi/lib/thumb/v7e-m/fpv4-sp/hard\libc_nano.a(lib_a-exit.o) (_global_impure_ptr)
d:/stm32cubeide_1.0.2/stm32cubeide/plugins/com.st.stm32cube.ide.mcu.externaltools.gnu-tools-for-stm32.7-2018-q2-update.win32_1.0.0.201904181610/tools/bin/../lib/gcc/arm-none-eabi/7.3.1/../../../../arm-none-eabi/lib/thumb/v7e-m/fpv4-sp/hard\libc_nano.a(lib_a-init.o)
                              d:/stm32cubeide_1.0.2/stm32cubeide/plugins/com.st.stm32cube.ide.mcu.externaltools.gnu-tools-for-stm32.7-2018-q2-update.win32_1.0.0.201904181610/tools/bin/../lib/gcc/arm-none-eabi/7.3.1/../../../../arm-none-eabi/lib/thumb/v7e-m/fpv4-sp/hard/crt0.o (__libc_init_array)
d:/stm32cubeide_1.0.2/stm32cubeide/plugins/com.st.stm32cube.ide.mcu.externaltools.gnu-tools-for-stm32.7-2018-q2-update.win32_1.0.0.201904181610/tools/bin/../lib/gcc/arm-none-eabi/7.3.1/../../../../arm-none-eabi/lib/thumb/v7e-m/fpv4-sp/hard\libc_nano.a(lib_a-memset.o)
                              d:/stm32cubeide_1.0.2/stm32cubeide/plugins/com.st.stm32cube.ide.mcu.externaltools.gnu-tools-for-stm32.7-2018-q2-update.win32_1.0.0.201904181610/tools/bin/../lib/gcc/arm-none-eabi/7.3.1/../../../../arm-none-eabi/lib/thumb/v7e-m/fpv4-sp/hard/crt0.o (memset)
d:/stm32cubeide_1.0.2/stm32cubeide/plugins/com.st.stm32cube.ide.mcu.externaltools.gnu-tools-for-stm32.7-2018-q2-update.win32_1.0.0.201904181610/tools/bin/../lib/gcc/arm-none-eabi/7.3.1/thumb/v7e-m/fpv4-sp/hard\libgcc.a(_aeabi_uldivmod.o)
                              Drivers/STM32F4xx_HAL_Driver/Src/stm32f4xx_hal_rcc.o (__aeabi_uldivmod)
d:/stm32cubeide_1.0.2/stm32cubeide/plugins/com.st.stm32cube.ide.mcu.externaltools.gnu-tools-for-stm32.7-2018-q2-update.win32_1.0.0.201904181610/tools/bin/../lib/gcc/arm-none-eabi/7.3.1/thumb/v7e-m/fpv4-sp/hard\libgcc.a(_udivmoddi4.o)
                              d:/stm32cubeide_1.0.2/stm32cubeide/plugins/com.st.stm32cube.ide.mcu.externaltools.gnu-tools-for-stm32.7-2018-q2-update.win32_1.0.0.201904181610/tools/bin/../lib/gcc/arm-none-eabi/7.3.1/thumb/v7e-m/fpv4-sp/hard\libgcc.a(_aeabi_uldivmod.o) (__udivmoddi4)
d:/stm32cubeide_1.0.2/stm32cubeide/plugins/com.st.stm32cube.ide.mcu.externaltools.gnu-tools-for-stm32.7-2018-q2-update.win32_1.0.0.201904181610/tools/bin/../lib/gcc/arm-none-eabi/7.3.1/thumb/v7e-m/fpv4-sp/hard\libgcc.a(_dvmd_tls.o)
                              d:/stm32cubeide_1.0.2/stm32cubeide/plugins/com.st.stm32cube.ide.mcu.externaltools.gnu-tools-for-stm32.7-2018-q2-update.win32_1.0.0.201904181610/tools/bin/../lib/gcc/arm-none-eabi/7.3.1/thumb/v7e-m/fpv4-sp/hard\libgcc.a(_aeabi_uldivmod.o) (__aeabi_ldiv0)

Allocating common symbols
Common symbol       size              file

hspi2               0x58              Src/main.o
hi2c1               0x54              Src/main.o
uwTick              0x4               Drivers/STM32F4xx_HAL_Driver/Src/stm32f4xx_hal.o
pFlash              0x20              Drivers/STM32F4xx_HAL_Driver/Src/stm32f4xx_hal_flash.o
transmissionStatus  0x1               Src/main.o
dataIn              0x20              Src/main.o
dataOut             0x20              Src/main.o
huart2              0x40              Src/main.o

Discarded input sections

 .text          0x0000000000000000        0x0 d:/stm32cubeide_1.0.2/stm32cubeide/plugins/com.st.stm32cube.ide.mcu.externaltools.gnu-tools-for-stm32.7-2018-q2-update.win32_1.0.0.201904181610/tools/bin/../lib/gcc/arm-none-eabi/7.3.1/thumb/v7e-m/fpv4-sp/hard/crti.o
[...]
Memory Configuration

Name             Origin             Length             Attributes
RAM              0x0000000020000000 0x0000000000020000 xrw
FLASH            0x0000000008000000 0x0000000000080000 xr
*default*        0x0000000000000000 0xffffffffffffffff

Linker script and memory map

LOAD d:/stm32cubeide_1.0.2/stm32cubeide/plugins/com.st.stm32cube.ide.mcu.externaltools.gnu-tools-for-stm32.7-2018-q2-update.win32_1.0.0.201904181610/tools/bin/../lib/gcc/arm-none-eabi/7.3.1/thumb/v7e-m/fpv4-sp/hard/crti.o
LOAD d:/stm32cubeide_1.0.2/stm32cubeide/plugins/com.st.stm32cube.ide.mcu.externaltools.gnu-tools-for-stm32.7-2018-q2-update.win32_1.0.0.201904181610/tools/bin/../lib/gcc/arm-none-eabi/7.3.1/thumb/v7e-m/fpv4-sp/hard/crtbegin.o
LOAD d:/stm32cubeide_1.0.2/stm32cubeide/plugins/com.st.stm32cube.ide.mcu.externaltools.gnu-tools-for-stm32.7-2018-q2-update.win32_1.0.0.201904181610/tools/bin/../lib/gcc/arm-none-eabi/7.3.1/../../../../arm-none-eabi/lib/thumb/v7e-m/fpv4-sp/hard/crt0.o
LOAD Drivers/STM32F4xx_HAL_Driver/Src/stm32f4xx_hal.o
LOAD Drivers/STM32F4xx_HAL_Driver/Src/stm32f4xx_hal_cortex.o
LOAD Drivers/STM32F4xx_HAL_Driver/Src/stm32f4xx_hal_dma.o
LOAD Drivers/STM32F4xx_HAL_Driver/Src/stm32f4xx_hal_dma_ex.o
LOAD Drivers/STM32F4xx_HAL_Driver/Src/stm32f4xx_hal_exti.o
LOAD Drivers/STM32F4xx_HAL_Driver/Src/stm32f4xx_hal_flash.o
LOAD Drivers/STM32F4xx_HAL_Driver/Src/stm32f4xx_hal_flash_ex.o
LOAD Drivers/STM32F4xx_HAL_Driver/Src/stm32f4xx_hal_flash_ramfunc.o
LOAD Drivers/STM32F4xx_HAL_Driver/Src/stm32f4xx_hal_gpio.o
LOAD Drivers/STM32F4xx_HAL_Driver/Src/stm32f4xx_hal_i2c.o
LOAD Drivers/STM32F4xx_HAL_Driver/Src/stm32f4xx_hal_i2c_ex.o
LOAD Drivers/STM32F4xx_HAL_Driver/Src/stm32f4xx_hal_pwr.o
LOAD Drivers/STM32F4xx_HAL_Driver/Src/stm32f4xx_hal_pwr_ex.o
LOAD Drivers/STM32F4xx_HAL_Driver/Src/stm32f4xx_hal_rcc.o
LOAD Drivers/STM32F4xx_HAL_Driver/Src/stm32f4xx_hal_rcc_ex.o
LOAD Drivers/STM32F4xx_HAL_Driver/Src/stm32f4xx_hal_spi.o
LOAD Drivers/STM32F4xx_HAL_Driver/Src/stm32f4xx_hal_tim.o
LOAD Drivers/STM32F4xx_HAL_Driver/Src/stm32f4xx_hal_tim_ex.o
LOAD Drivers/STM32F4xx_HAL_Driver/Src/stm32f4xx_hal_uart.o
LOAD Src/main.o
LOAD Src/nrf24l01.o
LOAD Src/stm32f4xx_hal_msp.o
LOAD Src/stm32f4xx_it.o
LOAD Src/syscalls.o
LOAD Src/sysmem.o
LOAD Src/system_stm32f4xx.o
LOAD Startup/startup_stm32f411retx.o
START GROUP
LOAD d:/stm32cubeide_1.0.2/stm32cubeide/plugins/com.st.stm32cube.ide.mcu.externaltools.gnu-tools-for-stm32.7-2018-q2-update.win32_1.0.0.201904181610/tools/bin/../lib/gcc/arm-none-eabi/7.3.1/../../../../arm-none-eabi/lib/thumb/v7e-m/fpv4-sp/hard\libc_nano.a
LOAD d:/stm32cubeide_1.0.2/stm32cubeide/plugins/com.st.stm32cube.ide.mcu.externaltools.gnu-tools-for-stm32.7-2018-q2-update.win32_1.0.0.201904181610/tools/bin/../lib/gcc/arm-none-eabi/7.3.1/../../../../arm-none-eabi/lib/thumb/v7e-m/fpv4-sp/hard\libm.a
END GROUP
START GROUP
LOAD d:/stm32cubeide_1.0.2/stm32cubeide/plugins/com.st.stm32cube.ide.mcu.externaltools.gnu-tools-for-stm32.7-2018-q2-update.win32_1.0.0.201904181610/tools/bin/../lib/gcc/arm-none-eabi/7.3.1/thumb/v7e-m/fpv4-sp/hard\libgcc.a
LOAD d:/stm32cubeide_1.0.2/stm32cubeide/plugins/com.st.stm32cube.ide.mcu.externaltools.gnu-tools-for-stm32.7-2018-q2-update.win32_1.0.0.201904181610/tools/bin/../lib/gcc/arm-none-eabi/7.3.1/../../../../arm-none-eabi/lib/thumb/v7e-m/fpv4-sp/hard\libc_nano.a
END GROUP
START GROUP
LOAD d:/stm32cubeide_1.0.2/stm32cubeide/plugins/com.st.stm32cube.ide.mcu.externaltools.gnu-tools-for-stm32.7-2018-q2-update.win32_1.0.0.201904181610/tools/bin/../lib/gcc/arm-none-eabi/7.3.1/thumb/v7e-m/fpv4-sp/hard\libgcc.a
LOAD d:/stm32cubeide_1.0.2/stm32cubeide/plugins/com.st.stm32cube.ide.mcu.externaltools.gnu-tools-for-stm32.7-2018-q2-update.win32_1.0.0.201904181610/tools/bin/../lib/gcc/arm-none-eabi/7.3.1/../../../../arm-none-eabi/lib/thumb/v7e-m/fpv4-sp/hard\libc_nano.a
LOAD d:/stm32cubeide_1.0.2/stm32cubeide/plugins/com.st.stm32cube.ide.mcu.externaltools.gnu-tools-for-stm32.7-2018-q2-update.win32_1.0.0.201904181610/tools/bin/../lib/gcc/arm-none-eabi/7.3.1/../../../../arm-none-eabi/lib/thumb/v7e-m/fpv4-sp/hard\libnosys.a
END GROUP
START GROUP
LOAD d:/stm32cubeide_1.0.2/stm32cubeide/plugins/com.st.stm32cube.ide.mcu.externaltools.gnu-tools-for-stm32.7-2018-q2-update.win32_1.0.0.201904181610/tools/bin/../lib/gcc/arm-none-eabi/7.3.1/thumb/v7e-m/fpv4-sp/hard\libgcc.a
LOAD d:/stm32cubeide_1.0.2/stm32cubeide/plugins/com.st.stm32cube.ide.mcu.externaltools.gnu-tools-for-stm32.7-2018-q2-update.win32_1.0.0.201904181610/tools/bin/../lib/gcc/arm-none-eabi/7.3.1/../../../../arm-none-eabi/lib/thumb/v7e-m/fpv4-sp/hard\libc_nano.a
LOAD d:/stm32cubeide_1.0.2/stm32cubeide/plugins/com.st.stm32cube.ide.mcu.externaltools.gnu-tools-for-stm32.7-2018-q2-update.win32_1.0.0.201904181610/tools/bin/../lib/gcc/arm-none-eabi/7.3.1/../../../../arm-none-eabi/lib/thumb/v7e-m/fpv4-sp/hard\libnosys.a
END GROUP
LOAD d:/stm32cubeide_1.0.2/stm32cubeide/plugins/com.st.stm32cube.ide.mcu.externaltools.gnu-tools-for-stm32.7-2018-q2-update.win32_1.0.0.201904181610/tools/bin/../lib/gcc/arm-none-eabi/7.3.1/thumb/v7e-m/fpv4-sp/hard/crtend.o
LOAD d:/stm32cubeide_1.0.2/stm32cubeide/plugins/com.st.stm32cube.ide.mcu.externaltools.gnu-tools-for-stm32.7-2018-q2-update.win32_1.0.0.201904181610/tools/bin/../lib/gcc/arm-none-eabi/7.3.1/thumb/v7e-m/fpv4-sp/hard/crtn.o
                0x0000000020020000                _estack = 0x20020000
                0x0000000000000200                _Min_Heap_Size = 0x200
                0x0000000000000400                _Min_Stack_Size = 0x400

.isr_vector     0x0000000008000000      0x198
                0x0000000008000000                . = ALIGN (0x4)
 *(.isr_vector)
 .isr_vector    0x0000000008000000      0x198 Startup/startup_stm32f411retx.o
                0x0000000008000000                g_pfnVectors
                0x0000000008000198                . = ALIGN (0x4)

.text           0x0000000008000198     0x33f0
                0x0000000008000198                . = ALIGN (0x4)
 *(.text)
 .text          0x0000000008000198       0x40 d:/stm32cubeide_1.0.2/stm32cubeide/plugins/com.st.stm32cube.ide.mcu.externaltools.gnu-tools-for-stm32.7-2018-q2-update.win32_1.0.0.201904181610/tools/bin/../lib/gcc/arm-none-eabi/7.3.1/thumb/v7e-m/fpv4-sp/hard/crtbegin.o
 .text          0x00000000080001d8       0x30 d:/stm32cubeide_1.0.2/stm32cubeide/plugins/com.st.stm32cube.ide.mcu.externaltools.gnu-tools-for-stm32.7-2018-q2-update.win32_1.0.0.201904181610/tools/bin/../lib/gcc/arm-none-eabi/7.3.1/thumb/v7e-m/fpv4-sp/hard\libgcc.a(_aeabi_uldivmod.o)
                0x00000000080001d8                __aeabi_uldivmod
 .text          0x0000000008000208      0x2cc d:/stm32cubeide_1.0.2/stm32cubeide/plugins/com.st.stm32cube.ide.mcu.externaltools.gnu-tools-for-stm32.7-2018-q2-update.win32_1.0.0.201904181610/tools/bin/../lib/gcc/arm-none-eabi/7.3.1/thumb/v7e-m/fpv4-sp/hard\libgcc.a(_udivmoddi4.o)
                0x0000000008000208                __udivmoddi4
 .text          0x00000000080004d4        0x4 d:/stm32cubeide_1.0.2/stm32cubeide/plugins/com.st.stm32cube.ide.mcu.externaltools.gnu-tools-for-stm32.7-2018-q2-update.win32_1.0.0.201904181610/tools/bin/../lib/gcc/arm-none-eabi/7.3.1/thumb/v7e-m/fpv4-sp/hard\libgcc.a(_dvmd_tls.o)
                0x00000000080004d4                __aeabi_idiv0
                0x00000000080004d4                __aeabi_ldiv0
 *(.text*)
 .text.HAL_Init
                0x00000000080004d8       0x44 Drivers/STM32F4xx_HAL_Driver/Src/stm32f4xx_hal.o
                0x00000000080004d8                HAL_Init
 .text.HAL_InitTick
                0x000000000800051c       0x60 Drivers/STM32F4xx_HAL_Driver/Src/stm32f4xx_hal.o
                0x000000000800051c                HAL_InitTick
 .text.HAL_IncTick
                0x000000000800057c       0x28 Drivers/STM32F4xx_HAL_Driver/Src/stm32f4xx_hal.o
                0x000000000800057c                HAL_IncTick
 .text.HAL_GetTick
                0x00000000080005a4       0x18 Drivers/STM32F4xx_HAL_Driver/Src/stm32f4xx_hal.o
                0x00000000080005a4                HAL_GetTick
 .text.__NVIC_SetPriorityGrouping
                0x00000000080005bc       0x48 Drivers/STM32F4xx_HAL_Driver/Src/stm32f4xx_hal_cortex.o
 .text.__NVIC_GetPriorityGrouping
                0x0000000008000604       0x1c Drivers/STM32F4xx_HAL_Driver/Src/stm32f4xx_hal_cortex.o
 .text.__NVIC_EnableIRQ
                0x0000000008000620       0x3c Drivers/STM32F4xx_HAL_Driver/Src/stm32f4xx_hal_cortex.o
 .text.__NVIC_SetPriority
                0x000000000800065c       0x54 Drivers/STM32F4xx_HAL_Driver/Src/stm32f4xx_hal_cortex.o
 .text.NVIC_EncodePriority
                0x00000000080006b0       0x66 Drivers/STM32F4xx_HAL_Driver/Src/stm32f4xx_hal_cortex.o
 *fill*         0x0000000008000716        0x2 
 .text.SysTick_Config
                0x0000000008000718       0x44 Drivers/STM32F4xx_HAL_Driver/Src/stm32f4xx_hal_cortex.o
 .text.HAL_NVIC_SetPriorityGrouping
                0x000000000800075c       0x16 Drivers/STM32F4xx_HAL_Driver/Src/stm32f4xx_hal_cortex.o
                0x000000000800075c                HAL_NVIC_SetPriorityGrouping
 .text.HAL_NVIC_SetPriority
                0x0000000008000772       0x38 Drivers/STM32F4xx_HAL_Driver/Src/stm32f4xx_hal_cortex.o
                0x0000000008000772                HAL_NVIC_SetPriority
 .text.HAL_NVIC_EnableIRQ
                0x00000000080007aa       0x1c Drivers/STM32F4xx_HAL_Driver/Src/stm32f4xx_hal_cortex.o
                0x00000000080007aa                HAL_NVIC_EnableIRQ
 .text.HAL_SYSTICK_Config
                0x00000000080007c6       0x18 Drivers/STM32F4xx_HAL_Driver/Src/stm32f4xx_hal_cortex.o
                0x00000000080007c6                HAL_SYSTICK_Config
 *fill*         0x00000000080007de        0x2 
 .text.HAL_GPIO_Init
                0x00000000080007e0      0x304 Drivers/STM32F4xx_HAL_Driver/Src/stm32f4xx_hal_gpio.o
                0x00000000080007e0                HAL_GPIO_Init
 .text.HAL_GPIO_WritePin
                0x0000000008000ae4       0x32 Drivers/STM32F4xx_HAL_Driver/Src/stm32f4xx_hal_gpio.o
                0x0000000008000ae4                HAL_GPIO_WritePin
 *fill*         0x0000000008000b16        0x2 
 .text.HAL_GPIO_EXTI_IRQHandler
                0x0000000008000b18       0x30 Drivers/STM32F4xx_HAL_Driver/Src/stm32f4xx_hal_gpio.o
                0x0000000008000b18                HAL_GPIO_EXTI_IRQHandler
 .text.HAL_GPIO_EXTI_Callback
                0x0000000008000b48       0x16 Drivers/STM32F4xx_HAL_Driver/Src/stm32f4xx_hal_gpio.o
                0x0000000008000b48                HAL_GPIO_EXTI_Callback
 *fill*         0x0000000008000b5e        0x2 
 .text.HAL_I2C_Init
                0x0000000008000b60      0x270 Drivers/STM32F4xx_HAL_Driver/Src/stm32f4xx_hal_i2c.o
                0x0000000008000b60                HAL_I2C_Init
 .text.HAL_RCC_OscConfig
                0x0000000008000dd0      0x4e0 Drivers/STM32F4xx_HAL_Driver/Src/stm32f4xx_hal_rcc.o
                0x0000000008000dd0                HAL_RCC_OscConfig
 .text.HAL_RCC_ClockConfig
                0x00000000080012b0      0x1cc Drivers/STM32F4xx_HAL_Driver/Src/stm32f4xx_hal_rcc.o
                0x00000000080012b0                HAL_RCC_ClockConfig
 .text.HAL_RCC_GetSysClockFreq
                0x000000000800147c      0x1b0 Drivers/STM32F4xx_HAL_Driver/Src/stm32f4xx_hal_rcc.o
                0x000000000800147c                HAL_RCC_GetSysClockFreq
 .text.HAL_RCC_GetHCLKFreq
                0x000000000800162c       0x18 Drivers/STM32F4xx_HAL_Driver/Src/stm32f4xx_hal_rcc.o
                0x000000000800162c                HAL_RCC_GetHCLKFreq
 .text.HAL_RCC_GetPCLK1Freq
                0x0000000008001644       0x28 Drivers/STM32F4xx_HAL_Driver/Src/stm32f4xx_hal_rcc.o
                0x0000000008001644                HAL_RCC_GetPCLK1Freq
 .text.HAL_RCC_GetPCLK2Freq
                0x000000000800166c       0x28 Drivers/STM32F4xx_HAL_Driver/Src/stm32f4xx_hal_rcc.o
                0x000000000800166c                HAL_RCC_GetPCLK2Freq
 .text.HAL_SPI_Init
                0x0000000008001694       0xc8 Drivers/STM32F4xx_HAL_Driver/Src/stm32f4xx_hal_spi.o
                0x0000000008001694                HAL_SPI_Init
 .text.HAL_SPI_Transmit
                0x000000000800175c      0x268 Drivers/STM32F4xx_HAL_Driver/Src/stm32f4xx_hal_spi.o
                0x000000000800175c                HAL_SPI_Transmit
 .text.HAL_SPI_TransmitReceive
                0x00000000080019c4      0x344 Drivers/STM32F4xx_HAL_Driver/Src/stm32f4xx_hal_spi.o
                0x00000000080019c4                HAL_SPI_TransmitReceive
 .text.SPI_WaitFlagStateUntilTimeout
                0x0000000008001d08       0xd4 Drivers/STM32F4xx_HAL_Driver/Src/stm32f4xx_hal_spi.o
 .text.SPI_EndRxTxTransaction
                0x0000000008001ddc       0x84 Drivers/STM32F4xx_HAL_Driver/Src/stm32f4xx_hal_spi.o
 .text.HAL_UART_Init
                0x0000000008001e60       0x9a Drivers/STM32F4xx_HAL_Driver/Src/stm32f4xx_hal_uart.o
                0x0000000008001e60                HAL_UART_Init
 *fill*         0x0000000008001efa        0x2 
 .text.UART_SetConfig
                0x0000000008001efc      0x6f8 Drivers/STM32F4xx_HAL_Driver/Src/stm32f4xx_hal_uart.o
 .text.main     0x00000000080025f4       0x78 Src/main.o
                0x00000000080025f4                main
 .text.SystemClock_Config
                0x000000000800266c       0xd0 Src/main.o
                0x000000000800266c                SystemClock_Config
 .text.MX_I2C1_Init
                0x000000000800273c       0x5c Src/main.o
 .text.MX_SPI2_Init
                0x0000000008002798       0x6c Src/main.o
 .text.MX_USART2_UART_Init
                0x0000000008002804       0x54 Src/main.o
 .text.MX_GPIO_Init
                0x0000000008002858       0xf4 Src/main.o
 .text.Error_Handler
                0x000000000800294c        0xe Src/main.o
                0x000000000800294c                Error_Handler
 *fill*         0x000000000800295a        0x2 
 .text.TM_NRF24L01_InitPins
                0x000000000800295c       0x24 Src/nrf24l01.o
                0x000000000800295c                TM_NRF24L01_InitPins
 .text.NRF24L01_FlushTX
                0x0000000008002980       0x40 Src/nrf24l01.o
                0x0000000008002980                NRF24L01_FlushTX
 .text.NRF24L01_FlushRX
                0x00000000080029c0       0x40 Src/nrf24l01.o
                0x00000000080029c0                NRF24L01_FlushRX
 .text.TM_NRF24L01_WriteRegister
                0x0000000008002a00       0x60 Src/nrf24l01.o
                0x0000000008002a00                TM_NRF24L01_WriteRegister
 .text.TM_NRF24L01_WriteRegisterMulti
                0x0000000008002a60       0x64 Src/nrf24l01.o
                0x0000000008002a60                TM_NRF24L01_WriteRegisterMulti
 .text.TM_NRF24L01_ReadRegister
                0x0000000008002ac4       0x64 Src/nrf24l01.o
                0x0000000008002ac4                TM_NRF24L01_ReadRegister
 .text.TM_NRF24L01_Init
                0x0000000008002b28      0x110 Src/nrf24l01.o
                0x0000000008002b28                TM_NRF24L01_Init
 .text.TM_NRF24L01_SetMyAddress
                0x0000000008002c38       0x3c Src/nrf24l01.o
                0x0000000008002c38                TM_NRF24L01_SetMyAddress
 .text.TM_NRF24L01_SetTxAddress
                0x0000000008002c74       0x2a Src/nrf24l01.o
                0x0000000008002c74                TM_NRF24L01_SetTxAddress
 .text.TM_NRF24L01_PowerUpTx
                0x0000000008002c9e       0x20 Src/nrf24l01.o
                0x0000000008002c9e                TM_NRF24L01_PowerUpTx
 *fill*         0x0000000008002cbe        0x2 
 .text.TM_NRF24L01_PowerUpRx
                0x0000000008002cc0       0x44 Src/nrf24l01.o
                0x0000000008002cc0                TM_NRF24L01_PowerUpRx
 .text.TM_NRF24L01_Transmit
                0x0000000008002d04       0x7c Src/nrf24l01.o
                0x0000000008002d04                TM_NRF24L01_Transmit
 .text.TM_NRF24L01_GetData
                0x0000000008002d80       0x64 Src/nrf24l01.o
                0x0000000008002d80                TM_NRF24L01_GetData
 .text.TM_NRF24L01_DataReady
                0x0000000008002de4       0x3a Src/nrf24l01.o
                0x0000000008002de4                TM_NRF24L01_DataReady
 .text.TM_NRF24L01_RxFifoEmpty
                0x0000000008002e1e       0x24 Src/nrf24l01.o
                0x0000000008002e1e                TM_NRF24L01_RxFifoEmpty
 *fill*         0x0000000008002e42        0x2 
 .text.TM_NRF24L01_GetStatus
                0x0000000008002e44       0x48 Src/nrf24l01.o
                0x0000000008002e44                TM_NRF24L01_GetStatus
 .text.TM_NRF24L01_GetTransmissionStatus
                0x0000000008002e8c       0x38 Src/nrf24l01.o
                0x0000000008002e8c                TM_NRF24L01_GetTransmissionStatus
 .text.TM_NRF24L01_SoftwareReset
                0x0000000008002ec4      0x15c Src/nrf24l01.o
                0x0000000008002ec4                TM_NRF24L01_SoftwareReset
 .text.TM_NRF24L01_SetChannel
                0x0000000008003020       0x3c Src/nrf24l01.o
                0x0000000008003020                TM_NRF24L01_SetChannel
 .text.TM_NRF24L01_SetRF
                0x000000000800305c       0x84 Src/nrf24l01.o
                0x000000000800305c                TM_NRF24L01_SetRF
 .text.TM_NRF24L01_Clear_Interrupts
                0x00000000080030e0       0x1a Src/nrf24l01.o
                0x00000000080030e0                TM_NRF24L01_Clear_Interrupts
 .text.TM_NRF24L01_setCrcWidth
                0x00000000080030fa       0x54 Src/nrf24l01.o
                0x00000000080030fa                TM_NRF24L01_setCrcWidth
 .text.TM_NRF24L01_disableAutoAcknowledge
                0x000000000800314e       0x1a Src/nrf24l01.o
                0x000000000800314e                TM_NRF24L01_disableAutoAcknowledge
 .text.initRadioLink
                0x0000000008003168       0x84 Src/nrf24l01.o
                0x0000000008003168                initRadioLink
 .text.HAL_MspInit
                0x00000000080031ec       0x50 Src/stm32f4xx_hal_msp.o
                0x00000000080031ec                HAL_MspInit
 .text.HAL_I2C_MspInit
                0x000000000800323c       0x90 Src/stm32f4xx_hal_msp.o
                0x000000000800323c                HAL_I2C_MspInit
 .text.HAL_SPI_MspInit
                0x00000000080032cc       0xd0 Src/stm32f4xx_hal_msp.o
                0x00000000080032cc                HAL_SPI_MspInit
 .text.HAL_UART_MspInit
                0x000000000800339c       0x90 Src/stm32f4xx_hal_msp.o
                0x000000000800339c                HAL_UART_MspInit
 .text.NMI_Handler
                0x000000000800342c        0xe Src/stm32f4xx_it.o
                0x000000000800342c                NMI_Handler
 .text.HardFault_Handler
                0x000000000800343a        0x6 Src/stm32f4xx_it.o
                0x000000000800343a                HardFault_Handler
 .text.MemManage_Handler
                0x0000000008003440        0x6 Src/stm32f4xx_it.o
                0x0000000008003440                MemManage_Handler
 .text.BusFault_Handler
                0x0000000008003446        0x6 Src/stm32f4xx_it.o
                0x0000000008003446                BusFault_Handler
 .text.UsageFault_Handler
                0x000000000800344c        0x6 Src/stm32f4xx_it.o
                0x000000000800344c                UsageFault_Handler
 .text.SVC_Handler
                0x0000000008003452        0xe Src/stm32f4xx_it.o
                0x0000000008003452                SVC_Handler
 .text.DebugMon_Handler
                0x0000000008003460        0xe Src/stm32f4xx_it.o
                0x0000000008003460                DebugMon_Handler
 .text.PendSV_Handler
                0x000000000800346e        0xe Src/stm32f4xx_it.o
                0x000000000800346e                PendSV_Handler
 .text.SysTick_Handler
                0x000000000800347c        0xc Src/stm32f4xx_it.o
                0x000000000800347c                SysTick_Handler
 .text.EXTI15_10_IRQHandler
                0x0000000008003488       0x10 Src/stm32f4xx_it.o
                0x0000000008003488                EXTI15_10_IRQHandler
 .text.SystemInit
                0x0000000008003498       0x2c Src/system_stm32f4xx.o
                0x0000000008003498                SystemInit
 .text.Reset_Handler
                0x00000000080034c4       0x50 Startup/startup_stm32f411retx.o
                0x00000000080034c4                Reset_Handler
 .text.Default_Handler
                0x0000000008003514        0x2 Startup/startup_stm32f411retx.o
                0x0000000008003514                RTC_Alarm_IRQHandler
                0x0000000008003514                EXTI2_IRQHandler
                0x0000000008003514                SPI4_IRQHandler
                0x0000000008003514                TIM1_CC_IRQHandler
                0x0000000008003514                DMA2_Stream5_IRQHandler
                0x0000000008003514                DMA1_Stream5_IRQHandler
                0x0000000008003514                PVD_IRQHandler
                0x0000000008003514                SDIO_IRQHandler
                0x0000000008003514                TAMP_STAMP_IRQHandler
                0x0000000008003514                EXTI3_IRQHandler
                0x0000000008003514                TIM1_UP_TIM10_IRQHandler
                0x0000000008003514                I2C3_ER_IRQHandler
                0x0000000008003514                EXTI0_IRQHandler
                0x0000000008003514                I2C2_EV_IRQHandler
                0x0000000008003514                DMA1_Stream2_IRQHandler
                0x0000000008003514                FPU_IRQHandler
                0x0000000008003514                DMA2_Stream2_IRQHandler
                0x0000000008003514                SPI1_IRQHandler
                0x0000000008003514                TIM1_BRK_TIM9_IRQHandler
                0x0000000008003514                DMA2_Stream3_IRQHandler
                0x0000000008003514                USART6_IRQHandler
                0x0000000008003514                DMA2_Stream0_IRQHandler
                0x0000000008003514                TIM4_IRQHandler
                0x0000000008003514                I2C1_EV_IRQHandler
                0x0000000008003514                DMA1_Stream6_IRQHandler
                0x0000000008003514                DMA1_Stream1_IRQHandler
                0x0000000008003514                TIM3_IRQHandler
                0x0000000008003514                RCC_IRQHandler
                0x0000000008003514                Default_Handler
                0x0000000008003514                ADC_IRQHandler
                0x0000000008003514                DMA1_Stream7_IRQHandler
                0x0000000008003514                SPI5_IRQHandler
                0x0000000008003514                TIM5_IRQHandler
                0x0000000008003514                DMA2_Stream7_IRQHandler
                0x0000000008003514                I2C3_EV_IRQHandler
                0x0000000008003514                EXTI9_5_IRQHandler
                0x0000000008003514                RTC_WKUP_IRQHandler
                0x0000000008003514                SPI2_IRQHandler
                0x0000000008003514                DMA1_Stream0_IRQHandler
                0x0000000008003514                EXTI4_IRQHandler
                0x0000000008003514                WWDG_IRQHandler
                0x0000000008003514                TIM2_IRQHandler
                0x0000000008003514                OTG_FS_WKUP_IRQHandler
                0x0000000008003514                TIM1_TRG_COM_TIM11_IRQHandler
                0x0000000008003514                EXTI1_IRQHandler
                0x0000000008003514                USART2_IRQHandler
                0x0000000008003514                I2C2_ER_IRQHandler
                0x0000000008003514                DMA2_Stream1_IRQHandler
                0x0000000008003514                FLASH_IRQHandler
                0x0000000008003514                DMA2_Stream4_IRQHandler
                0x0000000008003514                USART1_IRQHandler
                0x0000000008003514                OTG_FS_IRQHandler
                0x0000000008003514                SPI3_IRQHandler
                0x0000000008003514                DMA1_Stream4_IRQHandler
                0x0000000008003514                I2C1_ER_IRQHandler
                0x0000000008003514                DMA2_Stream6_IRQHandler
                0x0000000008003514                DMA1_Stream3_IRQHandler
 *fill*         0x0000000008003516        0x2 
 .text.__libc_init_array
                0x0000000008003518       0x48 d:/stm32cubeide_1.0.2/stm32cubeide/plugins/com.st.stm32cube.ide.mcu.externaltools.gnu-tools-for-stm32.7-2018-q2-update.win32_1.0.0.201904181610/tools/bin/../lib/gcc/arm-none-eabi/7.3.1/../../../../arm-none-eabi/lib/thumb/v7e-m/fpv4-sp/hard\libc_nano.a(lib_a-init.o)
                0x0000000008003518                __libc_init_array
 .text.memset   0x0000000008003560       0x10 d:/stm32cubeide_1.0.2/stm32cubeide/plugins/com.st.stm32cube.ide.mcu.externaltools.gnu-tools-for-stm32.7-2018-q2-update.win32_1.0.0.201904181610/tools/bin/../lib/gcc/arm-none-eabi/7.3.1/../../../../arm-none-eabi/lib/thumb/v7e-m/fpv4-sp/hard\libc_nano.a(lib_a-memset.o)
                0x0000000008003560                memset
 *(.glue_7)
 .glue_7        0x0000000008003570        0x0 linker stubs
 *(.glue_7t)
 .glue_7t       0x0000000008003570        0x0 linker stubs
 *(.eh_frame)
 .eh_frame      0x0000000008003570        0x0 d:/stm32cubeide_1.0.2/stm32cubeide/plugins/com.st.stm32cube.ide.mcu.externaltools.gnu-tools-for-stm32.7-2018-q2-update.win32_1.0.0.201904181610/tools/bin/../lib/gcc/arm-none-eabi/7.3.1/thumb/v7e-m/fpv4-sp/hard/crtbegin.o
 *(.init)
 .init          0x0000000008003570        0x4 d:/stm32cubeide_1.0.2/stm32cubeide/plugins/com.st.stm32cube.ide.mcu.externaltools.gnu-tools-for-stm32.7-2018-q2-update.win32_1.0.0.201904181610/tools/bin/../lib/gcc/arm-none-eabi/7.3.1/thumb/v7e-m/fpv4-sp/hard/crti.o
                0x0000000008003570                _init
 .init          0x0000000008003574        0x8 d:/stm32cubeide_1.0.2/stm32cubeide/plugins/com.st.stm32cube.ide.mcu.externaltools.gnu-tools-for-stm32.7-2018-q2-update.win32_1.0.0.201904181610/tools/bin/../lib/gcc/arm-none-eabi/7.3.1/thumb/v7e-m/fpv4-sp/hard/crtn.o
 *(.fini)
 .fini          0x000000000800357c        0x4 d:/stm32cubeide_1.0.2/stm32cubeide/plugins/com.st.stm32cube.ide.mcu.externaltools.gnu-tools-for-stm32.7-2018-q2-update.win32_1.0.0.201904181610/tools/bin/../lib/gcc/arm-none-eabi/7.3.1/thumb/v7e-m/fpv4-sp/hard/crti.o
                0x000000000800357c                _fini
 .fini          0x0000000008003580        0x8 d:/stm32cubeide_1.0.2/stm32cubeide/plugins/com.st.stm32cube.ide.mcu.externaltools.gnu-tools-for-stm32.7-2018-q2-update.win32_1.0.0.201904181610/tools/bin/../lib/gcc/arm-none-eabi/7.3.1/thumb/v7e-m/fpv4-sp/hard/crtn.o
                0x0000000008003588                . = ALIGN (0x4)
                0x0000000008003588                _etext = .

.vfp11_veneer   0x0000000008003588        0x0
 .vfp11_veneer  0x0000000008003588        0x0 linker stubs

.v4_bx          0x0000000008003588        0x0
 .v4_bx         0x0000000008003588        0x0 linker stubs

.iplt           0x0000000008003588        0x0
 .iplt          0x0000000008003588        0x0 d:/stm32cubeide_1.0.2/stm32cubeide/plugins/com.st.stm32cube.ide.mcu.externaltools.gnu-tools-for-stm32.7-2018-q2-update.win32_1.0.0.201904181610/tools/bin/../lib/gcc/arm-none-eabi/7.3.1/thumb/v7e-m/fpv4-sp/hard/crtbegin.o

.rodata         0x0000000008003588       0x34
                0x0000000008003588                . = ALIGN (0x4)
 *(.rodata)
 .rodata        0x0000000008003588        0xa Src/main.o
 *fill*         0x0000000008003592        0x2 
 .rodata        0x0000000008003594        0xd Src/nrf24l01.o
 *(.rodata*)
 *fill*         0x00000000080035a1        0x3 
 .rodata.AHBPrescTable
                0x00000000080035a4       0x10 Src/system_stm32f4xx.o
                0x00000000080035a4                AHBPrescTable
 .rodata.APBPrescTable
                0x00000000080035b4        0x8 Src/system_stm32f4xx.o
                0x00000000080035b4                APBPrescTable
                0x00000000080035bc                . = ALIGN (0x4)

.ARM.extab      0x00000000080035bc        0x0
                0x00000000080035bc                . = ALIGN (0x4)
 *(.ARM.extab* .gnu.linkonce.armextab.*)
                0x00000000080035bc                . = ALIGN (0x4)

.ARM            0x00000000080035bc        0x8
                0x00000000080035bc                . = ALIGN (0x4)
                0x00000000080035bc                __exidx_start = .
 *(.ARM.exidx*)
 .ARM.exidx     0x00000000080035bc        0x8 d:/stm32cubeide_1.0.2/stm32cubeide/plugins/com.st.stm32cube.ide.mcu.externaltools.gnu-tools-for-stm32.7-2018-q2-update.win32_1.0.0.201904181610/tools/bin/../lib/gcc/arm-none-eabi/7.3.1/thumb/v7e-m/fpv4-sp/hard\libgcc.a(_udivmoddi4.o)
                0x00000000080035c4                __exidx_end = .
                0x00000000080035c4                . = ALIGN (0x4)

.rel.dyn        0x00000000080035c4        0x0
 .rel.iplt      0x00000000080035c4        0x0 d:/stm32cubeide_1.0.2/stm32cubeide/plugins/com.st.stm32cube.ide.mcu.externaltools.gnu-tools-for-stm32.7-2018-q2-update.win32_1.0.0.201904181610/tools/bin/../lib/gcc/arm-none-eabi/7.3.1/thumb/v7e-m/fpv4-sp/hard/crtbegin.o

.preinit_array  0x00000000080035c4        0x0
                0x00000000080035c4                . = ALIGN (0x4)
                0x00000000080035c4                PROVIDE (__preinit_array_start = .)
 *(.preinit_array*)
                0x00000000080035c4                PROVIDE (__preinit_array_end = .)
                0x00000000080035c4                . = ALIGN (0x4)

.init_array     0x00000000080035c4        0x4
                0x00000000080035c4                . = ALIGN (0x4)
                0x00000000080035c4                PROVIDE (__init_array_start = .)
 *(SORT_BY_NAME(.init_array.*))
 *(.init_array*)
 .init_array    0x00000000080035c4        0x4 d:/stm32cubeide_1.0.2/stm32cubeide/plugins/com.st.stm32cube.ide.mcu.externaltools.gnu-tools-for-stm32.7-2018-q2-update.win32_1.0.0.201904181610/tools/bin/../lib/gcc/arm-none-eabi/7.3.1/thumb/v7e-m/fpv4-sp/hard/crtbegin.o
                0x00000000080035c8                PROVIDE (__init_array_end = .)
                0x00000000080035c8                . = ALIGN (0x4)

.fini_array     0x00000000080035c8        0x4
                0x00000000080035c8                . = ALIGN (0x4)
                [!provide]                        PROVIDE (__fini_array_start = .)
 *(SORT_BY_NAME(.fini_array.*))
 *(.fini_array*)
 .fini_array    0x00000000080035c8        0x4 d:/stm32cubeide_1.0.2/stm32cubeide/plugins/com.st.stm32cube.ide.mcu.externaltools.gnu-tools-for-stm32.7-2018-q2-update.win32_1.0.0.201904181610/tools/bin/../lib/gcc/arm-none-eabi/7.3.1/thumb/v7e-m/fpv4-sp/hard/crtbegin.o
                [!provide]                        PROVIDE (__fini_array_end = .)
                0x00000000080035cc                . = ALIGN (0x4)
                0x00000000080035cc                _sidata = LOADADDR (.data)

.data           0x0000000020000000        0xc load address 0x00000000080035cc
                0x0000000020000000                . = ALIGN (0x4)
                0x0000000020000000                _sdata = .
 *(.data)
 *(.data*)
 .data.uwTickPrio
                0x0000000020000000        0x4 Drivers/STM32F4xx_HAL_Driver/Src/stm32f4xx_hal.o
                0x0000000020000000                uwTickPrio
 .data.uwTickFreq
                0x0000000020000004        0x1 Drivers/STM32F4xx_HAL_Driver/Src/stm32f4xx_hal.o
                0x0000000020000004                uwTickFreq
 *fill*         0x0000000020000005        0x3 
 .data.SystemCoreClock
                0x0000000020000008        0x4 Src/system_stm32f4xx.o
                0x0000000020000008                SystemCoreClock
                0x000000002000000c                . = ALIGN (0x4)
                0x000000002000000c                _edata = .

.igot.plt       0x000000002000000c        0x0 load address 0x00000000080035d8
 .igot.plt      0x000000002000000c        0x0 d:/stm32cubeide_1.0.2/stm32cubeide/plugins/com.st.stm32cube.ide.mcu.externaltools.gnu-tools-for-stm32.7-2018-q2-update.win32_1.0.0.201904181610/tools/bin/../lib/gcc/arm-none-eabi/7.3.1/thumb/v7e-m/fpv4-sp/hard/crtbegin.o
                0x000000002000000c                . = ALIGN (0x4)

.bss            0x000000002000000c      0x154 load address 0x00000000080035d8
                0x000000002000000c                _sbss = .
                0x000000002000000c                __bss_start__ = _sbss
 *(.bss)
 .bss           0x000000002000000c       0x1c d:/stm32cubeide_1.0.2/stm32cubeide/plugins/com.st.stm32cube.ide.mcu.externaltools.gnu-tools-for-stm32.7-2018-q2-update.win32_1.0.0.201904181610/tools/bin/../lib/gcc/arm-none-eabi/7.3.1/thumb/v7e-m/fpv4-sp/hard/crtbegin.o
 *(.bss*)
 .bss.TM_NRF24L01_Struct
                0x0000000020000028        0x4 Src/nrf24l01.o
 *(COMMON)
 COMMON         0x000000002000002c        0x4 Drivers/STM32F4xx_HAL_Driver/Src/stm32f4xx_hal.o
                0x000000002000002c                uwTick
 COMMON         0x0000000020000030      0x130 Src/main.o
                0x0000000020000030                hspi2
                0x0000000020000088                hi2c1
                0x00000000200000dc                transmissionStatus
                0x00000000200000e0                dataIn
                0x0000000020000100                dataOut
                0x0000000020000120                huart2
                0x0000000020000160                . = ALIGN (0x4)
                0x0000000020000160                _ebss = .
                0x0000000020000160                __bss_end__ = _ebss

._user_heap_stack
                0x0000000020000160      0x600 load address 0x00000000080035d8
                0x0000000020000160                . = ALIGN (0x8)
                0x0000000020000160                PROVIDE (end = .)
                [!provide]                        PROVIDE (_end = .)
                0x0000000020000360                . = (. + _Min_Heap_Size)
 *fill*         0x0000000020000160      0x200 
                0x0000000020000760                . = (. + _Min_Stack_Size)
 *fill*         0x0000000020000360      0x400 
                0x0000000020000760                . = ALIGN (0x8)

/DISCARD/
 libc.a(*)
 libm.a(*)
 libgcc.a(*)

.ARM.attributes
                0x0000000000000000       0x30
 *(.ARM.attributes)
 .ARM.attributes
                0x0000000000000000       0x22 d:/stm32cubeide_1.0.2/stm32cubeide/plugins/com.st.stm32cube.ide.mcu.externaltools.gnu-tools-for-stm32.7-2018-q2-update.win32_1.0.0.201904181610/tools/bin/../lib/gcc/arm-none-eabi/7.3.1/thumb/v7e-m/fpv4-sp/hard/crti.o
 .ARM.attributes
                0x0000000000000022       0x34 d:/stm32cubeide_1.0.2/stm32cubeide/plugins/com.st.stm32cube.ide.mcu.externaltools.gnu-tools-for-stm32.7-2018-q2-update.win32_1.0.0.201904181610/tools/bin/../lib/gcc/arm-none-eabi/7.3.1/thumb/v7e-m/fpv4-sp/hard/crtbegin.o
 .ARM.attributes
                0x0000000000000056       0x39 Drivers/STM32F4xx_HAL_Driver/Src/stm32f4xx_hal.o
 .ARM.attributes
                0x000000000000008f       0x39 Drivers/STM32F4xx_HAL_Driver/Src/stm32f4xx_hal_cortex.o
 .ARM.attributes
                0x00000000000000c8       0x39 Drivers/STM32F4xx_HAL_Driver/Src/stm32f4xx_hal_gpio.o
 .ARM.attributes
                0x0000000000000101       0x39 Drivers/STM32F4xx_HAL_Driver/Src/stm32f4xx_hal_i2c.o
 .ARM.attributes
                0x000000000000013a       0x39 Drivers/STM32F4xx_HAL_Driver/Src/stm32f4xx_hal_rcc.o
 .ARM.attributes
                0x0000000000000173       0x39 Drivers/STM32F4xx_HAL_Driver/Src/stm32f4xx_hal_spi.o
 .ARM.attributes
                0x00000000000001ac       0x39 Drivers/STM32F4xx_HAL_Driver/Src/stm32f4xx_hal_uart.o
 .ARM.attributes
                0x00000000000001e5       0x39 Src/main.o
 .ARM.attributes
                0x000000000000021e       0x39 Src/nrf24l01.o
 .ARM.attributes
                0x0000000000000257       0x39 Src/stm32f4xx_hal_msp.o
 .ARM.attributes
                0x0000000000000290       0x39 Src/stm32f4xx_it.o
 .ARM.attributes
                0x00000000000002c9       0x39 Src/system_stm32f4xx.o
 .ARM.attributes
                0x0000000000000302       0x21 Startup/startup_stm32f411retx.o
 .ARM.attributes
                0x0000000000000323       0x34 d:/stm32cubeide_1.0.2/stm32cubeide/plugins/com.st.stm32cube.ide.mcu.externaltools.gnu-tools-for-stm32.7-2018-q2-update.win32_1.0.0.201904181610/tools/bin/../lib/gcc/arm-none-eabi/7.3.1/../../../../arm-none-eabi/lib/thumb/v7e-m/fpv4-sp/hard\libc_nano.a(lib_a-init.o)
 .ARM.attributes
                0x0000000000000357       0x34 d:/stm32cubeide_1.0.2/stm32cubeide/plugins/com.st.stm32cube.ide.mcu.externaltools.gnu-tools-for-stm32.7-2018-q2-update.win32_1.0.0.201904181610/tools/bin/../lib/gcc/arm-none-eabi/7.3.1/../../../../arm-none-eabi/lib/thumb/v7e-m/fpv4-sp/hard\libc_nano.a(lib_a-memset.o)
 .ARM.attributes
                0x000000000000038b       0x22 d:/stm32cubeide_1.0.2/stm32cubeide/plugins/com.st.stm32cube.ide.mcu.externaltools.gnu-tools-for-stm32.7-2018-q2-update.win32_1.0.0.201904181610/tools/bin/../lib/gcc/arm-none-eabi/7.3.1/thumb/v7e-m/fpv4-sp/hard\libgcc.a(_aeabi_uldivmod.o)
 .ARM.attributes
                0x00000000000003ad       0x34 d:/stm32cubeide_1.0.2/stm32cubeide/plugins/com.st.stm32cube.ide.mcu.externaltools.gnu-tools-for-stm32.7-2018-q2-update.win32_1.0.0.201904181610/tools/bin/../lib/gcc/arm-none-eabi/7.3.1/thumb/v7e-m/fpv4-sp/hard\libgcc.a(_udivmoddi4.o)
 .ARM.attributes
                0x00000000000003e1       0x22 d:/stm32cubeide_1.0.2/stm32cubeide/plugins/com.st.stm32cube.ide.mcu.externaltools.gnu-tools-for-stm32.7-2018-q2-update.win32_1.0.0.201904181610/tools/bin/../lib/gcc/arm-none-eabi/7.3.1/thumb/v7e-m/fpv4-sp/hard\libgcc.a(_dvmd_tls.o)
 .ARM.attributes
                0x0000000000000403       0x22 d:/stm32cubeide_1.0.2/stm32cubeide/plugins/com.st.stm32cube.ide.mcu.externaltools.gnu-tools-for-stm32.7-2018-q2-update.win32_1.0.0.201904181610/tools/bin/../lib/gcc/arm-none-eabi/7.3.1/thumb/v7e-m/fpv4-sp/hard/crtn.o
OUTPUT(18.12.elf elf32-littlearm)

.debug_info     0x0000000000000000     0xb60d
 .debug_info    0x0000000000000000      0x8d9 Drivers/STM32F4xx_HAL_Driver/Src/stm32f4xx_hal.o
 .debug_info    0x00000000000008d9      0xd98 Drivers/STM32F4xx_HAL_Driver/Src/stm32f4xx_hal_cortex.o
 .debug_info    0x0000000000001671      0x7dd Drivers/STM32F4xx_HAL_Driver/Src/stm32f4xx_hal_gpio.o
 .debug_info    0x0000000000001e4e     0x23ba Drivers/STM32F4xx_HAL_Driver/Src/stm32f4xx_hal_i2c.o
 .debug_info    0x0000000000004208      0x92e Drivers/STM32F4xx_HAL_Driver/Src/stm32f4xx_hal_rcc.o
 .debug_info    0x0000000000004b36     0x1632 Drivers/STM32F4xx_HAL_Driver/Src/stm32f4xx_hal_spi.o
 .debug_info    0x0000000000006168     0x1244 Drivers/STM32F4xx_HAL_Driver/Src/stm32f4xx_hal_uart.o
 .debug_info    0x00000000000073ac     0x1aa0 Src/main.o
 .debug_info    0x0000000000008e4c      0xfa3 Src/nrf24l01.o
 .debug_info    0x0000000000009def      0xf84 Src/stm32f4xx_hal_msp.o
 .debug_info    0x000000000000ad73      0x2fa Src/stm32f4xx_it.o
 .debug_info    0x000000000000b06d      0x57e Src/system_stm32f4xx.o
 .debug_info    0x000000000000b5eb       0x22 Startup/startup_stm32f411retx.o

.debug_abbrev   0x0000000000000000     0x1853
 .debug_abbrev  0x0000000000000000      0x1f2 Drivers/STM32F4xx_HAL_Driver/Src/stm32f4xx_hal.o
 .debug_abbrev  0x00000000000001f2      0x2fa Drivers/STM32F4xx_HAL_Driver/Src/stm32f4xx_hal_cortex.o
 .debug_abbrev  0x00000000000004ec      0x1c9 Drivers/STM32F4xx_HAL_Driver/Src/stm32f4xx_hal_gpio.o
 .debug_abbrev  0x00000000000006b5      0x263 Drivers/STM32F4xx_HAL_Driver/Src/stm32f4xx_hal_i2c.o
 .debug_abbrev  0x0000000000000918      0x245 Drivers/STM32F4xx_HAL_Driver/Src/stm32f4xx_hal_rcc.o
 .debug_abbrev  0x0000000000000b5d      0x240 Drivers/STM32F4xx_HAL_Driver/Src/stm32f4xx_hal_spi.o
 .debug_abbrev  0x0000000000000d9d      0x251 Drivers/STM32F4xx_HAL_Driver/Src/stm32f4xx_hal_uart.o
 .debug_abbrev  0x0000000000000fee      0x263 Src/main.o
 .debug_abbrev  0x0000000000001251      0x24a Src/nrf24l01.o
 .debug_abbrev  0x000000000000149b      0x1b5 Src/stm32f4xx_hal_msp.o
 .debug_abbrev  0x0000000000001650       0xc6 Src/stm32f4xx_it.o
 .debug_abbrev  0x0000000000001716      0x12b Src/system_stm32f4xx.o
 .debug_abbrev  0x0000000000001841       0x12 Startup/startup_stm32f411retx.o

.debug_aranges  0x0000000000000000      0xb80
 .debug_aranges
                0x0000000000000000       0xf0 Drivers/STM32F4xx_HAL_Driver/Src/stm32f4xx_hal.o
 .debug_aranges
                0x00000000000000f0      0x118 Drivers/STM32F4xx_HAL_Driver/Src/stm32f4xx_hal_cortex.o
 .debug_aranges
                0x0000000000000208       0x58 Drivers/STM32F4xx_HAL_Driver/Src/stm32f4xx_hal_gpio.o
 .debug_aranges
                0x0000000000000260      0x298 Drivers/STM32F4xx_HAL_Driver/Src/stm32f4xx_hal_i2c.o
 .debug_aranges
                0x00000000000004f8       0x88 Drivers/STM32F4xx_HAL_Driver/Src/stm32f4xx_hal_rcc.o
 .debug_aranges
                0x0000000000000580      0x1d0 Drivers/STM32F4xx_HAL_Driver/Src/stm32f4xx_hal_spi.o
 .debug_aranges
                0x0000000000000750      0x1d0 Drivers/STM32F4xx_HAL_Driver/Src/stm32f4xx_hal_uart.o
 .debug_aranges
                0x0000000000000920       0x50 Src/main.o
 .debug_aranges
                0x0000000000000970      0x108 Src/nrf24l01.o
 .debug_aranges
                0x0000000000000a78       0x50 Src/stm32f4xx_hal_msp.o
 .debug_aranges
                0x0000000000000ac8       0x68 Src/stm32f4xx_it.o
 .debug_aranges
                0x0000000000000b30       0x28 Src/system_stm32f4xx.o
 .debug_aranges
                0x0000000000000b58       0x28 Startup/startup_stm32f411retx.o

.debug_ranges   0x0000000000000000      0xad8
 .debug_ranges  0x0000000000000000       0xe0 Drivers/STM32F4xx_HAL_Driver/Src/stm32f4xx_hal.o
 .debug_ranges  0x00000000000000e0      0x108 Drivers/STM32F4xx_HAL_Driver/Src/stm32f4xx_hal_cortex.o
 .debug_ranges  0x00000000000001e8       0x48 Drivers/STM32F4xx_HAL_Driver/Src/stm32f4xx_hal_gpio.o
 .debug_ranges  0x0000000000000230      0x2a8 Drivers/STM32F4xx_HAL_Driver/Src/stm32f4xx_hal_i2c.o
 .debug_ranges  0x00000000000004d8       0x78 Drivers/STM32F4xx_HAL_Driver/Src/stm32f4xx_hal_rcc.o
 .debug_ranges  0x0000000000000550      0x1c0 Drivers/STM32F4xx_HAL_Driver/Src/stm32f4xx_hal_spi.o
 .debug_ranges  0x0000000000000710      0x1c0 Drivers/STM32F4xx_HAL_Driver/Src/stm32f4xx_hal_uart.o
 .debug_ranges  0x00000000000008d0       0x40 Src/main.o
 .debug_ranges  0x0000000000000910       0xf8 Src/nrf24l01.o
 .debug_ranges  0x0000000000000a08       0x40 Src/stm32f4xx_hal_msp.o
 .debug_ranges  0x0000000000000a48       0x58 Src/stm32f4xx_it.o
 .debug_ranges  0x0000000000000aa0       0x18 Src/system_stm32f4xx.o
 .debug_ranges  0x0000000000000ab8       0x20 Startup/startup_stm32f411retx.o

.debug_macro    0x0000000000000000    0x162af
 .debug_macro   0x0000000000000000      0x23d Drivers/STM32F4xx_HAL_Driver/Src/stm32f4xx_hal.o
 .debug_macro   0x000000000000023d      0xa5a Drivers/STM32F4xx_HAL_Driver/Src/stm32f4xx_hal.o
 .debug_macro   0x0000000000000c97      0x190 Drivers/STM32F4xx_HAL_Driver/Src/stm32f4xx_hal.o
 .debug_macro   0x0000000000000e27       0x32 Drivers/STM32F4xx_HAL_Driver/Src/stm32f4xx_hal.o
 .debug_macro   0x0000000000000e59       0x28 Drivers/STM32F4xx_HAL_Driver/Src/stm32f4xx_hal.o
 .debug_macro   0x0000000000000e81       0x22 Drivers/STM32F4xx_HAL_Driver/Src/stm32f4xx_hal.o
 .debug_macro   0x0000000000000ea3       0x8e Drivers/STM32F4xx_HAL_Driver/Src/stm32f4xx_hal.o
 .debug_macro   0x0000000000000f31       0x51 Drivers/STM32F4xx_HAL_Driver/Src/stm32f4xx_hal.o
 .debug_macro   0x0000000000000f82       0xef Drivers/STM32F4xx_HAL_Driver/Src/stm32f4xx_hal.o
 .debug_macro   0x0000000000001071       0x6a Drivers/STM32F4xx_HAL_Driver/Src/stm32f4xx_hal.o
 .debug_macro   0x00000000000010db      0x1df Drivers/STM32F4xx_HAL_Driver/Src/stm32f4xx_hal.o
 .debug_macro   0x00000000000012ba       0x1c Drivers/STM32F4xx_HAL_Driver/Src/stm32f4xx_hal.o
 .debug_macro   0x00000000000012d6       0x22 Drivers/STM32F4xx_HAL_Driver/Src/stm32f4xx_hal.o
 .debug_macro   0x00000000000012f8       0xdf Drivers/STM32F4xx_HAL_Driver/Src/stm32f4xx_hal.o
 .debug_macro   0x00000000000013d7     0x102d Drivers/STM32F4xx_HAL_Driver/Src/stm32f4xx_hal.o
 .debug_macro   0x0000000000002404      0x11f Drivers/STM32F4xx_HAL_Driver/Src/stm32f4xx_hal.o
 .debug_macro   0x0000000000002523     0xb937 Drivers/STM32F4xx_HAL_Driver/Src/stm32f4xx_hal.o
 .debug_macro   0x000000000000de5a       0x43 Drivers/STM32F4xx_HAL_Driver/Src/stm32f4xx_hal.o
 .debug_macro   0x000000000000de9d     0x3652 Drivers/STM32F4xx_HAL_Driver/Src/stm32f4xx_hal.o
 .debug_macro   0x00000000000114ef      0x174 Drivers/STM32F4xx_HAL_Driver/Src/stm32f4xx_hal.o
 .debug_macro   0x0000000000011663       0x5a Drivers/STM32F4xx_HAL_Driver/Src/stm32f4xx_hal.o
 .debug_macro   0x00000000000116bd      0x447 Drivers/STM32F4xx_HAL_Driver/Src/stm32f4xx_hal.o
 .debug_macro   0x0000000000011b04      0x9fe Drivers/STM32F4xx_HAL_Driver/Src/stm32f4xx_hal.o
 .debug_macro   0x0000000000012502      0x15f Drivers/STM32F4xx_HAL_Driver/Src/stm32f4xx_hal.o
 .debug_macro   0x0000000000012661      0x117 Drivers/STM32F4xx_HAL_Driver/Src/stm32f4xx_hal.o
 .debug_macro   0x0000000000012778      0x11b Drivers/STM32F4xx_HAL_Driver/Src/stm32f4xx_hal.o
 .debug_macro   0x0000000000012893       0x27 Drivers/STM32F4xx_HAL_Driver/Src/stm32f4xx_hal.o
 .debug_macro   0x00000000000128ba      0x287 Drivers/STM32F4xx_HAL_Driver/Src/stm32f4xx_hal.o
 .debug_macro   0x0000000000012b41       0x5f Drivers/STM32F4xx_HAL_Driver/Src/stm32f4xx_hal.o
 .debug_macro   0x0000000000012ba0      0x236 Drivers/STM32F4xx_HAL_Driver/Src/stm32f4xx_hal.o
 .debug_macro   0x0000000000012dd6      0x132 Drivers/STM32F4xx_HAL_Driver/Src/stm32f4xx_hal.o
 .debug_macro   0x0000000000012f08      0x264 Drivers/STM32F4xx_HAL_Driver/Src/stm32f4xx_hal.o
 .debug_macro   0x000000000001316c       0x2e Drivers/STM32F4xx_HAL_Driver/Src/stm32f4xx_hal.o
 .debug_macro   0x000000000001319a      0x1b5 Drivers/STM32F4xx_HAL_Driver/Src/stm32f4xx_hal.o
 .debug_macro   0x000000000001334f       0x22 Drivers/STM32F4xx_HAL_Driver/Src/stm32f4xx_hal.o
 .debug_macro   0x0000000000013371       0xd6 Drivers/STM32F4xx_HAL_Driver/Src/stm32f4xx_hal.o
 .debug_macro   0x0000000000013447      0x11a Drivers/STM32F4xx_HAL_Driver/Src/stm32f4xx_hal.o
 .debug_macro   0x0000000000013561       0x85 Drivers/STM32F4xx_HAL_Driver/Src/stm32f4xx_hal.o
 .debug_macro   0x00000000000135e6       0x89 Drivers/STM32F4xx_HAL_Driver/Src/stm32f4xx_hal.o
 .debug_macro   0x000000000001366f      0x225 Drivers/STM32F4xx_HAL_Driver/Src/stm32f4xx_hal.o
 .debug_macro   0x0000000000013894      0x287 Drivers/STM32F4xx_HAL_Driver/Src/stm32f4xx_hal.o
 .debug_macro   0x0000000000013b1b      0x126 Drivers/STM32F4xx_HAL_Driver/Src/stm32f4xx_hal.o
 .debug_macro   0x0000000000013c41      0x1dd Drivers/STM32F4xx_HAL_Driver/Src/stm32f4xx_hal_cortex.o
 .debug_macro   0x0000000000013e1e      0x213 Drivers/STM32F4xx_HAL_Driver/Src/stm32f4xx_hal_gpio.o
 .debug_macro   0x0000000000014031      0x21d Drivers/STM32F4xx_HAL_Driver/Src/stm32f4xx_hal_i2c.o
 .debug_macro   0x000000000001424e      0x201 Drivers/STM32F4xx_HAL_Driver/Src/stm32f4xx_hal_rcc.o
 .debug_macro   0x000000000001444f      0x1ec Drivers/STM32F4xx_HAL_Driver/Src/stm32f4xx_hal_spi.o
 .debug_macro   0x000000000001463b      0x1de Drivers/STM32F4xx_HAL_Driver/Src/stm32f4xx_hal_uart.o
 .debug_macro   0x0000000000014819      0x383 Src/main.o
 .debug_macro   0x0000000000014b9c       0x76 Src/main.o
 .debug_macro   0x0000000000014c12       0x2e Src/main.o
 .debug_macro   0x0000000000014c40       0x18 Src/main.o
 .debug_macro   0x0000000000014c58       0x46 Src/main.o
 .debug_macro   0x0000000000014c9e       0x3c Src/main.o
 .debug_macro   0x0000000000014cda       0x34 Src/main.o
 .debug_macro   0x0000000000014d0e       0x16 Src/main.o
 .debug_macro   0x0000000000014d24       0x35 Src/main.o
 .debug_macro   0x0000000000014d59       0x52 Src/main.o
 .debug_macro   0x0000000000014dab       0x1f Src/main.o
 .debug_macro   0x0000000000014dca       0x43 Src/main.o
 .debug_macro   0x0000000000014e0d       0x20 Src/main.o
 .debug_macro   0x0000000000014e2d      0x1a3 Src/main.o
 .debug_macro   0x0000000000014fd0      0x32a Src/main.o
 .debug_macro   0x00000000000152fa       0x16 Src/main.o
 .debug_macro   0x0000000000015310       0x29 Src/main.o
 .debug_macro   0x0000000000015339       0x1c Src/main.o
 .debug_macro   0x0000000000015355       0x10 Src/main.o
 .debug_macro   0x0000000000015365       0x10 Src/main.o
 .debug_macro   0x0000000000015375       0x1c Src/main.o
 .debug_macro   0x0000000000015391       0x52 Src/main.o
 .debug_macro   0x00000000000153e3       0x40 Src/main.o
 .debug_macro   0x0000000000015423       0x10 Src/main.o
 .debug_macro   0x0000000000015433       0x40 Src/main.o
 .debug_macro   0x0000000000015473       0xd7 Src/main.o
 .debug_macro   0x000000000001554a       0x1c Src/main.o
 .debug_macro   0x0000000000015566       0x3d Src/main.o
 .debug_macro   0x00000000000155a3       0x16 Src/main.o
 .debug_macro   0x00000000000155b9      0x145 Src/main.o
 .debug_macro   0x00000000000156fe      0x566 Src/nrf24l01.o
 .debug_macro   0x0000000000015c64       0x7c Src/nrf24l01.o
 .debug_macro   0x0000000000015ce0      0x1ec Src/stm32f4xx_hal_msp.o
 .debug_macro   0x0000000000015ecc      0x200 Src/stm32f4xx_it.o
 .debug_macro   0x00000000000160cc      0x1e3 Src/system_stm32f4xx.o

.debug_line     0x0000000000000000     0x88f8
 .debug_line    0x0000000000000000      0x8cc Drivers/STM32F4xx_HAL_Driver/Src/stm32f4xx_hal.o
 .debug_line    0x00000000000008cc      0x9f0 Drivers/STM32F4xx_HAL_Driver/Src/stm32f4xx_hal_cortex.o
 .debug_line    0x00000000000012bc      0x86f Drivers/STM32F4xx_HAL_Driver/Src/stm32f4xx_hal_gpio.o
 .debug_line    0x0000000000001b2b     0x1b06 Drivers/STM32F4xx_HAL_Driver/Src/stm32f4xx_hal_i2c.o
 .debug_line    0x0000000000003631      0x924 Drivers/STM32F4xx_HAL_Driver/Src/stm32f4xx_hal_rcc.o
 .debug_line    0x0000000000003f55     0x107f Drivers/STM32F4xx_HAL_Driver/Src/stm32f4xx_hal_spi.o
 .debug_line    0x0000000000004fd4      0xfda Drivers/STM32F4xx_HAL_Driver/Src/stm32f4xx_hal_uart.o
 .debug_line    0x0000000000005fae      0x988 Src/main.o
 .debug_line    0x0000000000006936      0x98b Src/nrf24l01.o
 .debug_line    0x00000000000072c1      0x758 Src/stm32f4xx_hal_msp.o
 .debug_line    0x0000000000007a19      0x781 Src/stm32f4xx_it.o
 .debug_line    0x000000000000819a      0x6dd Src/system_stm32f4xx.o
 .debug_line    0x0000000000008877       0x81 Startup/startup_stm32f411retx.o

.debug_str      0x0000000000000000    0x8a417
 .debug_str     0x0000000000000000    0x821f7 Drivers/STM32F4xx_HAL_Driver/Src/stm32f4xx_hal.o
                                      0x8257a (size before relaxing)
 .debug_str     0x00000000000821f7      0x3ed Drivers/STM32F4xx_HAL_Driver/Src/stm32f4xx_hal_cortex.o
                                      0x82357 (size before relaxing)
 .debug_str     0x00000000000825e4      0x28c Drivers/STM32F4xx_HAL_Driver/Src/stm32f4xx_hal_gpio.o
                                      0x81e44 (size before relaxing)
 .debug_str     0x0000000000082870      0xf23 Drivers/STM32F4xx_HAL_Driver/Src/stm32f4xx_hal_i2c.o
                                      0x82b41 (size before relaxing)
 .debug_str     0x0000000000083793      0x384 Drivers/STM32F4xx_HAL_Driver/Src/stm32f4xx_hal_rcc.o
                                      0x81ff2 (size before relaxing)
 .debug_str     0x0000000000083b17      0x714 Drivers/STM32F4xx_HAL_Driver/Src/stm32f4xx_hal_spi.o
                                      0x82461 (size before relaxing)
 .debug_str     0x000000000008422b      0x682 Drivers/STM32F4xx_HAL_Driver/Src/stm32f4xx_hal_uart.o
                                      0x8243f (size before relaxing)
 .debug_str     0x00000000000848ad     0x4568 Src/main.o
                                      0x86ebe (size before relaxing)
 .debug_str     0x0000000000088e15     0x142d Src/nrf24l01.o
                                      0x83720 (size before relaxing)
 .debug_str     0x000000000008a242       0x1b Src/stm32f4xx_hal_msp.o
                                      0x8260c (size before relaxing)
 .debug_str     0x000000000008a25d      0x12f Src/stm32f4xx_it.o
                                      0x81d22 (size before relaxing)
 .debug_str     0x000000000008a38c       0x5a Src/system_stm32f4xx.o
                                      0x81c00 (size before relaxing)
 .debug_str     0x000000000008a3e6       0x31 Startup/startup_stm32f411retx.o
                                         0x5b (size before relaxing)

.comment        0x0000000000000000       0x7b
 .comment       0x0000000000000000       0x7b Drivers/STM32F4xx_HAL_Driver/Src/stm32f4xx_hal.o
                                         0x7c (size before relaxing)
 .comment       0x000000000000007b       0x7c Drivers/STM32F4xx_HAL_Driver/Src/stm32f4xx_hal_cortex.o
 .comment       0x000000000000007b       0x7c Drivers/STM32F4xx_HAL_Driver/Src/stm32f4xx_hal_gpio.o
 .comment       0x000000000000007b       0x7c Drivers/STM32F4xx_HAL_Driver/Src/stm32f4xx_hal_i2c.o
 .comment       0x000000000000007b       0x7c Drivers/STM32F4xx_HAL_Driver/Src/stm32f4xx_hal_rcc.o
 .comment       0x000000000000007b       0x7c Drivers/STM32F4xx_HAL_Driver/Src/stm32f4xx_hal_spi.o
 .comment       0x000000000000007b       0x7c Drivers/STM32F4xx_HAL_Driver/Src/stm32f4xx_hal_uart.o
 .comment       0x000000000000007b       0x7c Src/main.o
 .comment       0x000000000000007b       0x7c Src/nrf24l01.o
 .comment       0x000000000000007b       0x7c Src/stm32f4xx_hal_msp.o
 .comment       0x000000000000007b       0x7c Src/stm32f4xx_it.o
 .comment       0x000000000000007b       0x7c Src/system_stm32f4xx.o

.debug_frame    0x0000000000000000     0x3048
 .debug_frame   0x0000000000000000      0x374 Drivers/STM32F4xx_HAL_Driver/Src/stm32f4xx_hal.o
 .debug_frame   0x0000000000000374      0x498 Drivers/STM32F4xx_HAL_Driver/Src/stm32f4xx_hal_cortex.o
 .debug_frame   0x000000000000080c      0x14c Drivers/STM32F4xx_HAL_Driver/Src/stm32f4xx_hal_gpio.o
 .debug_frame   0x0000000000000958      0xc38 Drivers/STM32F4xx_HAL_Driver/Src/stm32f4xx_hal_i2c.o
 .debug_frame   0x0000000000001590      0x1f0 Drivers/STM32F4xx_HAL_Driver/Src/stm32f4xx_hal_rcc.o
 .debug_frame   0x0000000000001780      0x824 Drivers/STM32F4xx_HAL_Driver/Src/stm32f4xx_hal_spi.o
 .debug_frame   0x0000000000001fa4      0x844 Drivers/STM32F4xx_HAL_Driver/Src/stm32f4xx_hal_uart.o
 .debug_frame   0x00000000000027e8       0xe8 Src/main.o
 .debug_frame   0x00000000000028d0      0x440 Src/nrf24l01.o
 .debug_frame   0x0000000000002d10      0x10c Src/stm32f4xx_hal_msp.o
 .debug_frame   0x0000000000002e1c      0x128 Src/stm32f4xx_it.o
 .debug_frame   0x0000000000002f44       0x58 Src/system_stm32f4xx.o
 .debug_frame   0x0000000000002f9c       0x2c d:/stm32cubeide_1.0.2/stm32cubeide/plugins/com.st.stm32cube.ide.mcu.externaltools.gnu-tools-for-stm32.7-2018-q2-update.win32_1.0.0.201904181610/tools/bin/../lib/gcc/arm-none-eabi/7.3.1/../../../../arm-none-eabi/lib/thumb/v7e-m/fpv4-sp/hard\libc_nano.a(lib_a-init.o)
 .debug_frame   0x0000000000002fc8       0x20 d:/stm32cubeide_1.0.2/stm32cubeide/plugins/com.st.stm32cube.ide.mcu.externaltools.gnu-tools-for-stm32.7-2018-q2-update.win32_1.0.0.201904181610/tools/bin/../lib/gcc/arm-none-eabi/7.3.1/../../../../arm-none-eabi/lib/thumb/v7e-m/fpv4-sp/hard\libc_nano.a(lib_a-memset.o)
 .debug_frame   0x0000000000002fe8       0x2c d:/stm32cubeide_1.0.2/stm32cubeide/plugins/com.st.stm32cube.ide.mcu.externaltools.gnu-tools-for-stm32.7-2018-q2-update.win32_1.0.0.201904181610/tools/bin/../lib/gcc/arm-none-eabi/7.3.1/thumb/v7e-m/fpv4-sp/hard\libgcc.a(_aeabi_uldivmod.o)
 .debug_frame   0x0000000000003014       0x34 d:/stm32cubeide_1.0.2/stm32cubeide/plugins/com.st.stm32cube.ide.mcu.externaltools.gnu-tools-for-stm32.7-2018-q2-update.win32_1.0.0.201904181610/tools/bin/../lib/gcc/arm-none-eabi/7.3.1/thumb/v7e-m/fpv4-sp/hard\libgcc.a(_udivmoddi4.o)
