nrf24l01.c:212:6:TM_NRF24L01_InitPins	8	static
nrf24l01.c:221:6:NRF24L01_FlushTX	24	static
nrf24l01.c:232:6:NRF24L01_FlushRX	24	static
nrf24l01.c:242:6:TM_NRF24L01_WriteRegister	24	static
nrf24l01.c:253:6:TM_NRF24L01_WriteRegisterMulti	32	static
nrf24l01.c:264:9:TM_NRF24L01_ReadRegister	32	static
nrf24l01.c:280:6:TM_NRF24L01_ReadRegisterMulti	40	static
nrf24l01.c:294:6:TM_NRF24L01_WriteBit	24	static
nrf24l01.c:312:9:TM_NRF24L01_ReadBit	24	static
nrf24l01.c:324:9:TM_NRF24L01_Init	16	static
nrf24l01.c:386:6:TM_NRF24L01_SetMyAddress	16	static
nrf24l01.c:393:6:TM_NRF24L01_SetTxAddress	16	static
nrf24l01.c:399:6:TM_NRF24L01_PowerUpTx	16	static
nrf24l01.c:405:6:TM_NRF24L01_PowerUpRx	16	static
nrf24l01.c:419:6:TM_NRF24L01_PowerDown	16	static
nrf24l01.c:425:6:TM_NRF24L01_Transmit	24	static
nrf24l01.c:452:6:TM_NRF24L01_GetData	32	static
nrf24l01.c:473:9:TM_NRF24L01_DataReady	24	static
nrf24l01.c:484:9:TM_NRF24L01_RxFifoEmpty	24	static
nrf24l01.c:490:9:TM_NRF24L01_GetStatus	32	static
nrf24l01.c:505:31:TM_NRF24L01_GetTransmissionStatus	24	static
nrf24l01.c:520:6:TM_NRF24L01_SoftwareReset	24	static
nrf24l01.c:575:9:TM_NRF24L01_GetRetransmissionsCount	16	static
nrf24l01.c:581:6:TM_NRF24L01_SetChannel	16	static
nrf24l01.c:592:6:TM_NRF24L01_SetRF	24	static
nrf24l01.c:616:9:TM_NRF24L01_Read_Interrupts	16	static
nrf24l01.c:622:6:TM_NRF24L01_Clear_Interrupts	16	static
nrf24l01.c:628:6:TM_NRF24L01_setCrcWidth	24	static
nrf24l01.c:658:6:TM_NRF24L01_disableAutoAcknowledge	16	static
